// Jest Snapshot v1, https://goo.gl/fbAQLP

exports[`should render ExpenseList with empty message 1`] = `
<div>
  <p>
    No expense
  </p>
</div>
`;

exports[`should render ExpenseList with expenses 1`] = `
<div>
  <ExpenseListItem
    amount={124}
    createAt={0}
    description="GAU"
    id="1"
    key="1"
    note=""
  />
  <ExpenseListItem
    amount={194}
    createAt={-345600000}
    description="Rent"
    id="2"
    key="2"
    note=""
  />
  <ExpenseListItem
    amount={432}
    createAt={345600000}
    description="Luko"
    id="3"
    key="3"
    note=""
  />
</div>
`;
